[bonvera.com/index.html]
[backblue.gif]
[fade.gif]
[index.html]
[bonvera.com/favicon.ico]
[bonvera.com/apple-touch-icon.png]
[bonvera.com/apple-touch-icon-57x57.png]
[bonvera.com/apple-touch-icon-72x72.png]
[bonvera.com/apple-touch-icon-114x114.png]
[bonvera.com/apple-touch-icon-144x144.png]
[maxcdn.bootstrapcdn.com/bootstrap/3.3.5/css/bootstrap.min.css]
[maxcdn.bootstrapcdn.com/font-awesome/4.4.0/css/font-awesome.min.css]
[cdnjs.cloudflare.com/ajax/libs/toastr.js/2.1.2/toastr.min.css]
[bonvera.com/Content/styles/site.min.css]
[bonvera.com/routejs.axd/a983a8725e6f0c1b778961bf0b072c28a8ac5bf4/router.min.js]
[bonvera.com/app/culture.js]
[bonvera.com/Content/scripts/vendor/jquery.extended.js]
[bonvera.com/Content/images/logo_with_gradient.png]
[bonvera.com/Content/images/logo.png]
[cdnjs.cloudflare.com/ajax/libs/require.js/2.1.20/require.min.js]
[bonvera.com/corporphan/cart.html]
[bonvera.com/Content/images/cart.png]
[bonvera.com/corporphan/shopping/ourproducts.html]
[bonvera.com/corporphan/partnerstores.html]
[bonvera.com/corporphan/affiliatestores.html]
[bonvera.com/corporphan/home/companyoverview.html]
[bonvera.com/corporphan/home/ourmission.html]
[bonvera.com/Content/documents/Bonvera_Overview_Revised_Final_07_05_16.pdf]
[bonvera.com/resourcejs.axd/ba525b3d749b7740bcc6f3a392ac7a988cef0618]
[bonvera.com/corporphan/home/faq.html]
[bonvera.com/corporphan/login.html]
[bonvera.com/Content/images/home/banners/AffiliateStoreBanner.jpg]
[bonvera.com/Content/images/home/banners/AffiliateStoreBanner-sm.jpg]
[bonvera.com/corporphan/products.html]
[bonvera.com/Content/images/home/banners/BonveraWebSliders-PhyzixDrink.png]
[bonvera.com/Content/images/home/banners/BonveraWebSlidersMobile-PhyzixDrink.png]
[bonvera.com/Content/images/home/banners/BonveraWebSliders-PhyzixBars.png]
[bonvera.com/Content/images/home/banners/BonveraWebSlidersMobile-PhyzixBar.png]
[bonvera.com/Content/images/home/banners/BonveraXyience.jpg]
[bonvera.com/Content/images/home/banners/BonveraXyienceWebSlidersMobile0316-1.jpg]
[bonvera.com/Content/images/home/banners/BonveraMrsMeyersWebSliders0316.jpg]
[bonvera.com/Content/images/home/banners/BonveraMrsMeyersWebSlidersMobile0316.jpg]
[bonvera.com/Content/images/home/BonveraCouplecShoppingOnTablet.png]
[bonvera.com/Content/images/home/banners/Shopping_Can_Pay.png]
[bonvera.com/Content/images/home/BonveraPhyzixSuperBrandShirt.png]
[bonvera.com/Content/images/home/BonveraPhyzixSuperBrandShirtMobile.jpg]
[bonvera.com/Content/images/home/banners/Live_Your_Wishes.png]
[bonvera.com/corporphan/choose-registration.html]
[bonvera.com/Content/images/footer-logo.png]
[bonvera.com/corporphan/home/privacypolicy.html]
[bonvera.com/index.html]
[maxcdn.bootstrapcdn.com/bootstrap/3.3.5/css/bootstrap.min.css]
[maxcdn.bootstrapcdn.com/font-awesome/4.4.0/css/font-awesome.min.css]
[cdnjs.cloudflare.com/ajax/libs/toastr.js/2.1.2/toastr.min.css]
[bonvera.com/Content/images/banners/FrontDoorDelivery.jpg]
[bonvera.com/Content/images/banners/PartnerStore.jpg]
[bonvera.com/Content/images/banners/AffiliateBanner.jpg]
[bonvera.com/Content/styles/site.min.css]
[bonvera.com/app/culture.js]
[bonvera.com/Content/scripts/vendor/jquery.extended.js]
[bonvera.com/error/notfounde751.html]
[bonvera.com/error/notfound9551.html]
[bonvera.com/content/images/loading/circle-48.gif]
[bonvera.com/corporphan/cart.html]
[bonvera.com/error/notfound5cef.html]
[bonvera.com/error/notfound25bd.html]
[bonvera.com/corporphan/shopping/ourproducts.html]
[bonvera.com/content/images/banners/EKCB_Logo.png]
[bonvera.com/Content/images/banners/isabelleslightingcom_logoREP.png]
[bonvera.com/corporphan/login59dd.html]
[bonvera.com/corporphan/partnerstores.html]
[images.apw21.com/2010/apw125x125-b.gif]
[www.hanes.com/images/affiliates/AFF_Promo_125x125.gif]
[img.affil.walmart.com/b/560c2fbb260000d208897cff25f0.jpg]
[beacon.affil.walmart.com/affil/ttapc62c.gif]
[www.opmpros.com/host/cafebritt/images/banners/promo2_125x125.jpg]
[cache.lego.com/2057/images/shop/Affiliate/LEGOgeneric_250x250.gif]
[bonvera.com/corporphan/loginf691.html]
[bonvera.com/corporphan/affiliatestores.html]
[bonvera.com/error/notfoundb261.html]
[bonvera.com/error/notfound2021.html]
[bonvera.com/corporphan/home/companyoverview.html]
[bonvera.com/corporphan/home/ourmission.html]
[bonvera.com/corporphan/home/faq.html]
[bonvera.com/corporphan/account/forgotpassword.html]
[bonvera.com/corporphan/login.html]
[bonvera.com/corporphan/products.html]
[bonvera.com/Content/documents/Bonvera_Overview_Revised_Final_07_05_16.pdf]
[bonvera.com/corporphan/register.html]
[bonvera.com/corporphan/smartshopper/register.html]
[bonvera.com/corporphan/enrollment/enrollmentconfiguration.html]
[bonvera.com/corporphan/choose-registration.html]
[bonvera.com/error/notfound73ae.html]
[bonvera.com/corporphan/home/privacypolicy.html]
[bonvera.com/error/notfound8ce9.html]
[bonvera.com/error/notfound283d.html]
[bonvera.com/error/notfound7017.html]
[bonvera.com/error/notfound428c.html]
[bonvera.com/error/notfound86dd.html]
[bonvera.com/error/notfound4323.html]
[bonvera.com/error/notfounddf60.html]
[bonvera.com/error/notfound4d3d.html]
[bonvera.com/error/notfounde751.html]
[bonvera.com/error/notfound9551.html]
[bonvera.com/error/notfound5cef.html]
[bonvera.com/error/notfound25bd.html]
[bonvera.com/corporphan/register59dd.html]
[bonvera.com/corporphan/login59dd.html]
[bonvera.com/corporphan/registerf691.html]
[bonvera.com/corporphan/loginf691.html]
[bonvera.com/error/notfoundb261.html]
[bonvera.com/error/notfound2021.html]
[bonvera.com/Content/documents/Bonvera_Overview_Revised_Final_07_05_16.pdf]
[bonvera.com/error/notfound974a.html]
[bonvera.com/corporphan/account/forgotpassword.html]
[bonvera.com/error/notfoundbcf5.html]
[bonvera.com/corporphan/register.html]
[bonvera.com/error/notfoundce3f.html]
[bonvera.com/error/notfound1429.html]
[api.exigo.com/4.0/allbrands/productimages/bonvera-blue.jpg]
[bonvera.com/corporphan/smartshopper/register.html]
[bonvera.com/error/notfound507e.html]
[bonvera.com/error/notfound1a11.html]
[bonvera.com/corporphan/enrollment/enrollmentconfiguration.html]
[bonvera.com/error/notfound73ae.html]
[bonvera.com/error/notfound8ce9.html]
[bonvera.com/error/notfound283d.html]
[bonvera.com/error/notfound7017.html]
[bonvera.com/error/notfound428c.html]
[bonvera.com/error/notfound86dd.html]
[bonvera.com/error/notfound4323.html]
[bonvera.com/error/notfounddf60.html]
[bonvera.com/error/notfound4d3d.html]
[bonvera.com/corporphan/register59dd.html]
[bonvera.com/corporphan/registerf691.html]
[bonvera.com/error/notfound974a.html]
[bonvera.com/error/notfoundbcf5.html]
[bonvera.com/error/notfoundce3f.html]
[bonvera.com/error/notfound1429.html]
[bonvera.com/error/notfound507e.html]
[bonvera.com/error/notfound1a11.html]
